// Jest Snapshot v1, https://goo.gl/fbAQLP

exports[`<Banner /> should render the heading 1`] = `
.c0 {
  background: linear-gradient(180deg,#ff5f5f 0%,#f062c0 50%);
  color: #FAFAFA;
  border: 0;
  border-radius: 0.4rem;
  font-family: Poppins,-apple-system,BlinkMacSystemFont,'Segoe UI',Roboto,Oxygen,Ubuntu,Cantarell,'Open Sans','Helvetica Neue',sans-serif;
  -webkit-text-decoration: none;
  text-decoration: none;
  padding: 0.8rem;
  cursor: pointer;
  display: -webkit-inline-box;
  display: -webkit-inline-flex;
  display: -ms-inline-flexbox;
  display: inline-flex;
  -webkit-align-items: center;
  -webkit-box-align: center;
  -ms-flex-align: center;
  align-items: center;
  -webkit-box-pack: center;
  -webkit-justify-content: center;
  -ms-flex-pack: center;
  justify-content: center;
  height: 5rem;
  font-size: 1.6rem;
  padding: 0.8rem 4.8rem;
}

.c0:hover {
  background: linear-gradient(180deg,#e35565 0%,#d958a6 50%);
}

<div
  class=""
>
  <div
    aria-label="Defy death"
    class=""
    role="img"
    src="https://source.unsplash.com/user/willianjusten/1042x580"
  />
  <div
    class=""
  >
    <h2
      class=""
    >
      Defy death
    </h2>
    <h3
      class=""
    >
      <p>
        Play the new 
        <strong>
          CrashLands
        </strong>
         season
      </p>
    </h3>
    <a
      class="c0"
      href="/games/defy-death"
    >
      <span>
        Buy now
      </span>
    </a>
  </div>
</div>
`;
